#! /usr/bin/vvp
:ivl_version "12.0 (stable)";
:ivl_delay_selection "TYPICAL";
:vpi_time_precision - 12;
:vpi_module "/usr/lib/x86_64-linux-gnu/ivl/system.vpi";
:vpi_module "/usr/lib/x86_64-linux-gnu/ivl/vhdl_sys.vpi";
:vpi_module "/usr/lib/x86_64-linux-gnu/ivl/vhdl_textio.vpi";
:vpi_module "/usr/lib/x86_64-linux-gnu/ivl/v2005_math.vpi";
:vpi_module "/usr/lib/x86_64-linux-gnu/ivl/va_math.vpi";
:vpi_module "/usr/lib/x86_64-linux-gnu/ivl/v2009.vpi";
S_0x5a9addeae3c0 .scope package, "$unit" "$unit" 2 1;
 .timescale 0 0;
S_0x5a9addeae550 .scope module, "digital_lock_controller_tb" "digital_lock_controller_tb" 3 3;
 .timescale -9 -12;
v0x5a9addec4ae0_0 .net "alarm", 0 0, v0x5a9adde72640_0;  1 drivers
v0x5a9addec4ba0_0 .var "clk", 0 0;
v0x5a9addec4c70_0 .var "digit", 3 0;
v0x5a9addec4d70_0 .var "enter", 0 0;
v0x5a9addec4e40_0 .var "reset", 0 0;
v0x5a9addec4f30_0 .net "unlock", 0 0, v0x5a9addec4640_0;  1 drivers
S_0x5a9adde72490 .scope module, "dut" "digital_lock_controller" 3 14, 4 1 0, S_0x5a9addeae550;
 .timescale 0 0;
    .port_info 0 /INPUT 1 "clk";
    .port_info 1 /INPUT 1 "reset";
    .port_info 2 /INPUT 1 "enter";
    .port_info 3 /INPUT 4 "digit";
    .port_info 4 /OUTPUT 1 "unlock";
    .port_info 5 /OUTPUT 1 "alarm";
v0x5a9adde72640_0 .var "alarm", 0 0;
v0x5a9addec4210_0 .net "clk", 0 0, v0x5a9addec4ba0_0;  1 drivers
v0x5a9addec42d0_0 .var "count", 3 0;
v0x5a9addec4390_0 .net "digit", 3 0, v0x5a9addec4c70_0;  1 drivers
v0x5a9addec4470_0 .net "enter", 0 0, v0x5a9addec4d70_0;  1 drivers
v0x5a9addec4580_0 .net "reset", 0 0, v0x5a9addec4e40_0;  1 drivers
v0x5a9addec4640_0 .var "unlock", 0 0;
E_0x5a9adde72ed0 .event posedge, v0x5a9addec4580_0, v0x5a9addec4210_0;
S_0x5a9addec47c0 .scope task, "enter_digit" "enter_digit" 3 27, 3 27 0, S_0x5a9addeae550;
 .timescale -9 -12;
v0x5a9addec49e0_0 .var "d", 3 0;
E_0x5a9addeab980 .event negedge, v0x5a9addec4210_0;
TD_digital_lock_controller_tb.enter_digit ;
    %wait E_0x5a9addeab980;
    %load/vec4 v0x5a9addec49e0_0;
    %store/vec4 v0x5a9addec4c70_0, 0, 4;
    %pushi/vec4 1, 0, 1;
    %store/vec4 v0x5a9addec4d70_0, 0, 1;
    %wait E_0x5a9addeab980;
    %pushi/vec4 0, 0, 1;
    %store/vec4 v0x5a9addec4d70_0, 0, 1;
    %end;
    .scope S_0x5a9adde72490;
T_1 ;
    %wait E_0x5a9adde72ed0;
    %load/vec4 v0x5a9addec4580_0;
    %flag_set/vec4 8;
    %jmp/0xz  T_1.0, 8;
    %pushi/vec4 0, 0, 4;
    %assign/vec4 v0x5a9addec42d0_0, 0;
    %pushi/vec4 0, 0, 1;
    %assign/vec4 v0x5a9addec4640_0, 0;
    %pushi/vec4 0, 0, 1;
    %assign/vec4 v0x5a9adde72640_0, 0;
    %jmp T_1.1;
T_1.0 ;
    %load/vec4 v0x5a9addec4470_0;
    %flag_set/vec4 8;
    %jmp/0xz  T_1.2, 8;
    %load/vec4 v0x5a9addec4390_0;
    %cmpi/e 5, 0, 4;
    %jmp/0xz  T_1.4, 4;
    %pushi/vec4 1, 0, 1;
    %assign/vec4 v0x5a9addec4640_0, 0;
    %pushi/vec4 0, 0, 1;
    %assign/vec4 v0x5a9adde72640_0, 0;
    %jmp T_1.5;
T_1.4 ;
    %pushi/vec4 0, 0, 1;
    %assign/vec4 v0x5a9addec4640_0, 0;
    %pushi/vec4 1, 0, 1;
    %assign/vec4 v0x5a9adde72640_0, 0;
T_1.5 ;
T_1.2 ;
T_1.1 ;
    %jmp T_1;
    .thread T_1;
    .scope S_0x5a9addeae550;
T_2 ;
    %delay 5000, 0;
    %load/vec4 v0x5a9addec4ba0_0;
    %inv;
    %store/vec4 v0x5a9addec4ba0_0, 0, 1;
    %jmp T_2;
    .thread T_2;
    .scope S_0x5a9addeae550;
T_3 ;
    %vpi_call/w 3 38 "$dumpfile", "sim/digital_lock_controller_3.vcd" {0 0 0};
    %vpi_call/w 3 39 "$dumpvars", 32'sb00000000000000000000000000000000, S_0x5a9addeae550 {0 0 0};
    %pushi/vec4 0, 0, 1;
    %store/vec4 v0x5a9addec4ba0_0, 0, 1;
    %pushi/vec4 1, 0, 1;
    %store/vec4 v0x5a9addec4e40_0, 0, 1;
    %pushi/vec4 0, 0, 1;
    %store/vec4 v0x5a9addec4d70_0, 0, 1;
    %pushi/vec4 0, 0, 4;
    %store/vec4 v0x5a9addec4c70_0, 0, 4;
    %delay 20000, 0;
    %pushi/vec4 0, 0, 1;
    %store/vec4 v0x5a9addec4e40_0, 0, 1;
    %delay 20000, 0;
    %vpi_call/w 3 55 "$display", "RESET TEST COMPLETED" {0 0 0};
    %vpi_call/w 3 56 "$finish" {0 0 0};
    %end;
    .thread T_3;
# The file index is used to find the file name in the following table.
:file_names 5;
    "N/A";
    "<interactive>";
    "-";
    "tb/digital_lock_controller_tb_3.sv";
    "rtl/digital_lock_controller.sv";
