#! /usr/bin/vvp
:ivl_version "12.0 (stable)";
:ivl_delay_selection "TYPICAL";
:vpi_time_precision + 0;
:vpi_module "/usr/lib/x86_64-linux-gnu/ivl/system.vpi";
:vpi_module "/usr/lib/x86_64-linux-gnu/ivl/vhdl_sys.vpi";
:vpi_module "/usr/lib/x86_64-linux-gnu/ivl/vhdl_textio.vpi";
:vpi_module "/usr/lib/x86_64-linux-gnu/ivl/v2005_math.vpi";
:vpi_module "/usr/lib/x86_64-linux-gnu/ivl/va_math.vpi";
:vpi_module "/usr/lib/x86_64-linux-gnu/ivl/v2009.vpi";
S_0x6456fed7b4f0 .scope package, "$unit" "$unit" 2 1;
 .timescale 0 0;
S_0x6456fed7b680 .scope module, "digital_lock_controller" "digital_lock_controller" 3 1;
 .timescale 0 0;
    .port_info 0 /INPUT 1 "clk";
    .port_info 1 /INPUT 1 "reset";
    .port_info 2 /INPUT 1 "enter";
    .port_info 3 /INPUT 4 "digit";
    .port_info 4 /OUTPUT 1 "unlock";
    .port_info 5 /OUTPUT 1 "alarm";
v0x6456feda2350_0 .var "alarm", 0 0;
o0x7e4ad1280048 .functor BUFZ 1, C4<z>; HiZ drive
v0x6456fedc5f00_0 .net "clk", 0 0, o0x7e4ad1280048;  0 drivers
v0x6456fedc5fc0_0 .var "count", 3 0;
o0x7e4ad12800a8 .functor BUFZ 4, C4<zzzz>; HiZ drive
v0x6456fedc6080_0 .net "digit", 3 0, o0x7e4ad12800a8;  0 drivers
o0x7e4ad12800d8 .functor BUFZ 1, C4<z>; HiZ drive
v0x6456fedc6160_0 .net "enter", 0 0, o0x7e4ad12800d8;  0 drivers
o0x7e4ad1280108 .functor BUFZ 1, C4<z>; HiZ drive
v0x6456fedc6270_0 .net "reset", 0 0, o0x7e4ad1280108;  0 drivers
v0x6456fedc6330_0 .var "unlock", 0 0;
E_0x6456fedb4c90 .event posedge, v0x6456fedc6270_0, v0x6456fedc5f00_0;
    .scope S_0x6456fed7b680;
T_0 ;
    %wait E_0x6456fedb4c90;
    %load/vec4 v0x6456fedc6270_0;
    %flag_set/vec4 8;
    %jmp/0xz  T_0.0, 8;
    %pushi/vec4 0, 0, 4;
    %assign/vec4 v0x6456fedc5fc0_0, 0;
    %pushi/vec4 0, 0, 1;
    %assign/vec4 v0x6456fedc6330_0, 0;
    %pushi/vec4 0, 0, 1;
    %assign/vec4 v0x6456feda2350_0, 0;
    %jmp T_0.1;
T_0.0 ;
    %load/vec4 v0x6456fedc6160_0;
    %flag_set/vec4 8;
    %jmp/0xz  T_0.2, 8;
    %load/vec4 v0x6456fedc6080_0;
    %cmpi/e 5, 0, 4;
    %jmp/0xz  T_0.4, 4;
    %pushi/vec4 1, 0, 1;
    %assign/vec4 v0x6456fedc6330_0, 0;
    %pushi/vec4 0, 0, 1;
    %assign/vec4 v0x6456feda2350_0, 0;
    %jmp T_0.5;
T_0.4 ;
    %pushi/vec4 0, 0, 1;
    %assign/vec4 v0x6456fedc6330_0, 0;
    %pushi/vec4 1, 0, 1;
    %assign/vec4 v0x6456feda2350_0, 0;
T_0.5 ;
T_0.2 ;
T_0.1 ;
    %jmp T_0;
    .thread T_0;
# The file index is used to find the file name in the following table.
:file_names 4;
    "N/A";
    "<interactive>";
    "-";
    "rtl/digital_lock_controller.sv";
