Startpoint: enter (input port clocked by clk)
Endpoint: _17_ (rising edge-triggered flip-flop clocked by clk)
Path Group: clk
Path Type: min

  Delay    Time   Description
---------------------------------------------------------
   0.00    0.00   clock clk (rise edge)
   0.00    0.00   clock network delay (propagated)
   0.00    0.00 ^ input external delay
   0.00    0.00 ^ enter (in)
   0.02    0.02 v _14_/Y (sky130_fd_sc_hd__nor3b_1)
   0.17    0.19 v _15_/X (sky130_fd_sc_hd__a31o_1)
   0.00    0.19 v _17_/D (sky130_fd_sc_hd__dfxtp_1)
           0.19   data arrival time

   0.00    0.00   clock clk (rise edge)
   0.00    0.00   clock source latency
   0.00    0.00 ^ clk (in)
   0.11    0.11 ^ clkbuf_0_clk/X (sky130_fd_sc_hd__clkbuf_16)
   0.11    0.22 ^ clkbuf_1_0__f_clk/X (sky130_fd_sc_hd__clkbuf_16)
   0.00    0.22 ^ _17_/CLK (sky130_fd_sc_hd__dfxtp_1)
   0.00    0.22   clock reconvergence pessimism
  -0.05    0.17   library hold time
           0.17   data required time
---------------------------------------------------------
           0.17   data required time
          -0.19   data arrival time
---------------------------------------------------------
           0.03   slack (MET)


