Startpoint: enter (input port clocked by clk)
Endpoint: _16_ (rising edge-triggered flip-flop clocked by clk)
Path Group: clk
Path Type: max

  Delay    Time   Description
---------------------------------------------------------
   0.00    0.00   clock clk (rise edge)
   0.00    0.00   clock network delay (propagated)
   0.00    0.00 v input external delay
   0.00    0.00 v enter (in)
   0.59    0.59 v hold1/X (sky130_fd_sc_hd__dlygate4sd3_1)
   0.14    0.73 ^ _11_/Y (sky130_fd_sc_hd__o21bai_1)
   0.05    0.77 v _12_/Y (sky130_fd_sc_hd__a21oi_1)
   0.56    1.33 v hold2/X (sky130_fd_sc_hd__dlygate4sd3_1)
   0.00    1.33 v _16_/D (sky130_fd_sc_hd__dfxtp_1)
           1.33   data arrival time

  10.00   10.00   clock clk (rise edge)
   0.00   10.00   clock source latency
   0.00   10.00 ^ clk (in)
   0.11   10.11 ^ clkbuf_0_clk/X (sky130_fd_sc_hd__clkbuf_16)
   0.11   10.22 ^ clkbuf_1_1__f_clk/X (sky130_fd_sc_hd__clkbuf_16)
   0.00   10.22 ^ _16_/CLK (sky130_fd_sc_hd__dfxtp_1)
   0.00   10.22   clock reconvergence pessimism
  -0.12   10.10   library setup time
          10.10   data required time
---------------------------------------------------------
          10.10   data required time
          -1.33   data arrival time
---------------------------------------------------------
           8.76   slack (MET)


